<T>
  <k>
    2 ~> .
  </k>
  <env>
    t |-> 0
  </env>
  <store>
    0 |-> tensor ( 1 , 4 )
    1 |-> 0.40000000000000000e1
    2 |-> 0.30000000000000000e1
    3 |-> 0.70000000000000000e1
    4 |-> 0.60000000000000000e1
  </store>
  <nextLoc>
    5
  </nextLoc>
  <shape>
    t |-> 4
  </shape>
</T>
