<T>
  <k>
    let t = tensor ( 4 , [ 0.10000000000000000e1 , 0.20000000000000000e1 , 0.20000000000000000e1 , 0.10000000000000000e1 ] ) in let b = 0.50000000000000000e1 in t ~> .
  </k>
  <env>
    .Map
  </env>
  <store>
    .Map
  </store>
  <nextLoc>
    0
  </nextLoc>
  <shape>
    .Map
  </shape>
</T>
