<T>
  <k>
    0.40000000000000000e1 ~> .
  </k>
  <env>
    t |-> 0
  </env>
  <store>
    0 |-> array ( 1 , 4 )
    1 |-> 0.00000000000000000e0
    2 |-> 0.00000000000000000e0
    3 |-> 0.40000000000000000e1
    4 |-> 0.00000000000000000e0
  </store>
  <nextLoc>
    5
  </nextLoc>
  <shape>
    t |-> 4
  </shape>
</T>
