<T>
  <k>
    0.10000000000000000e1 ~> .
  </k>
  <env>
    $1 |-> 16
    W |-> 3
    X |-> 0
    Y |-> 19
  </env>
  <store>
    0 |-> tensor ( 1 , 2 )
    1 |-> 0.40000000000000000e1
    2 |-> 0.30000000000000000e1
    3 |-> tensor ( 4 , 3 )
    4 |-> tensor ( 8 , 2 )
    5 |-> tensor ( 11 , 2 )
    6 |-> tensor ( 14 , 2 )
    7 |-> tensor ( 17 , 2 )
    8 |-> 0.10000000000000000e1
    9 |-> -0.10000000000000000e1
    10 |-> tensor ( 11 , 2 )
    11 |-> 0.20000000000000000e1
    12 |-> 0.30000000000000000e1
    13 |-> tensor ( 14 , 2 )
    14 |-> -0.10000000000000000e1
    15 |-> 0.20000000000000000e1
    16 |-> tensor ( 17 , 2 )
    17 |-> 0.00000000000000000e0
    18 |-> 0.00000000000000000e0
    19 |-> tensor ( 20 , 3 )
    20 |-> 0.10000000000000000e1
    21 |-> 0.17000000000000000e2
    22 |-> 0.20000000000000000e1
  </store>
  <nextLoc>
    23
  </nextLoc>
  <shape>
    W |-> 3 , 2
    X |-> 2
  </shape>
</T>
