<T>
  <k>
    0.60000000000000000e1 ~> .
  </k>
  <env>
    $1 |-> 26
    t |-> 0
    u |-> 15
  </env>
  <store>
    0 |-> array ( 1 , 2 )
    1 |-> array ( 4 , 3 )
    2 |-> array ( 8 , 3 )
    3 |-> array ( 12 , 3 )
    4 |-> 0.00000000000000000e0
    5 |-> 0.00000000000000000e0
    6 |-> 0.00000000000000000e0
    7 |-> array ( 8 , 3 )
    8 |-> 0.00000000000000000e0
    9 |-> 0.00000000000000000e0
    10 |-> 0.30000000000000000e1
    11 |-> array ( 12 , 3 )
    12 |-> 0.00000000000000000e0
    13 |-> 0.00000000000000000e0
    14 |-> 0.00000000000000000e0
    15 |-> array ( 16 , 2 )
    16 |-> array ( 19 , 3 )
    17 |-> array ( 23 , 3 )
    18 |-> array ( 27 , 3 )
    19 |-> 0.00000000000000000e0
    20 |-> 0.00000000000000000e0
    21 |-> 0.00000000000000000e0
    22 |-> array ( 23 , 3 )
    23 |-> 0.00000000000000000e0
    24 |-> 0.00000000000000000e0
    25 |-> 0.30000000000000000e1
    26 |-> array ( 27 , 3 )
    27 |-> 0.00000000000000000e0
    28 |-> 0.00000000000000000e0
    29 |-> 0.00000000000000000e0
  </store>
  <nextLoc>
    30
  </nextLoc>
  <shape>
    t |-> 2 , 3
  </shape>
</T>
